stm32f4xx_it.c:78:6:NMI_Handler	4	static
stm32f4xx_it.c:91:6:HardFault_Handler	4	static
stm32f4xx_it.c:106:6:MemManage_Handler	4	static
stm32f4xx_it.c:121:6:BusFault_Handler	4	static
stm32f4xx_it.c:136:6:UsageFault_Handler	4	static
stm32f4xx_it.c:151:6:SVC_Handler	4	static
stm32f4xx_it.c:164:6:DebugMon_Handler	4	static
stm32f4xx_it.c:177:6:PendSV_Handler	4	static
stm32f4xx_it.c:190:6:SysTick_Handler	8	static
stm32f4xx_it.c:211:6:DMA1_Stream5_IRQHandler	8	static
stm32f4xx_it.c:225:6:TIM1_BRK_TIM9_IRQHandler	8	static
stm32f4xx_it.c:240:6:TIM1_UP_TIM10_IRQHandler	8	static
stm32f4xx_it.c:255:6:TIM1_TRG_COM_TIM11_IRQHandler	8	static
stm32f4xx_it.c:270:6:TIM2_IRQHandler	8	static
stm32f4xx_it.c:284:6:TIM3_IRQHandler	8	static
stm32f4xx_it.c:298:6:TIM4_IRQHandler	8	static
stm32f4xx_it.c:312:6:USART2_IRQHandler	8	static
